******************************************************************************
            TI ARM Clang Linker PC v4.0.2                      
******************************************************************************
>> Linked Thu Jul 24 10:56:39 2025

OUTPUT FILE NAME:   <car_v0.0.out>
ENTRY POINT SYMBOL: "_c_int00_noargs"  address: 00001075


MEMORY CONFIGURATION

         name            origin    length      used     unused   attr    fill
----------------------  --------  ---------  --------  --------  ----  --------
  FLASH                 00000000   00020000  00001298  0001ed68  R  X
  SRAM                  20200000   00008000  00000529  00007ad7  RW X
  BCR_CONFIG            41c00000   000000ff  00000000  000000ff  R   
  BSL_CONFIG            41c00100   00000080  00000000  00000080  R   


SEGMENT ALLOCATION MAP

run origin  load origin   length   init length attrs members
----------  ----------- ---------- ----------- ----- -------
00000000    00000000    00001298   00001298    r-x
  00000000    00000000    000000c0   000000c0    r-- .intvecs
  000000c0    000000c0    00001130   00001130    r-x .text
  000011f0    000011f0    00000048   00000048    r-- .rodata
  00001238    00001238    00000060   00000060    r-- .cinit
20200000    20200000    0000032b   00000000    rw-
  20200000    20200000    000001a6   00000000    rw- .bss
  202001a8    202001a8    00000183   00000000    rw- .data
20207e00    20207e00    00000200   00000000    rw-
  20207e00    20207e00    00000200   00000000    rw- .stack


SECTION ALLOCATION MAP

 output                                  attributes/
section   page    origin      length       input sections
--------  ----  ----------  ----------   ----------------
.intvecs   0    00000000    000000c0     
                  00000000    000000c0     startup_mspm0g350x_ticlang.o (.intvecs)

.text      0    000000c0    00001130     
                  000000c0    00000284     libc.a : _printfi.c.obj (.text:__TI_printfi_minimal)
                  00000344    00000104     driverlib.a : dl_timer.o (.text.DL_Timer_initFourCCPWMMode)
                  00000448    000000e8                 : dl_timer.o (.text.DL_Timer_initTimerMode)
                  00000530    000000d8     libclang_rt.builtins.a : addsf3.S.obj (.text)
                  00000608    0000009c     ti_msp_dl_config.o (.text.SYSCFG_DL_GPIO_init)
                  000006a4    0000009a     libc.a : memcpy16.S.obj (.text:memcpy)
                  0000073e    00000002     startup_mspm0g350x_ticlang.o (.text.Default_Handler)
                  00000740    00000098     board.o (.text.fputs)
                  000007d8    00000094     encoder.o (.text.GROUP1_IRQHandler)
                  0000086c    0000008c     ti_msp_dl_config.o (.text.SYSCFG_DL_PWM_0_init)
                  000008f8    0000008c     libclang_rt.builtins.a : mulsf3.S.obj (.text.__mulsf3)
                  00000984    00000084     motor.o (.text.Velocity_A)
                  00000a08    00000084     motor.o (.text.Velocity_B)
                  00000a8c    0000007c     libc.a : copy_decompress_lzss.c.obj (.text:decompress:lzss)
                  00000b08    0000006c     ti_msp_dl_config.o (.text.SYSCFG_DL_UART_0_init)
                  00000b74    00000068     main.o (.text.TIMA0_IRQHandler)
                  00000bdc    00000064     main.o (.text.main)
                  00000c40    00000062     libc.a : memset16.S.obj (.text:memset)
                  00000ca2    00000002     libclang_rt.builtins.a : aeabi_div0.c.obj (.text.__aeabi_idiv0)
                  00000ca4    0000005c     board.o (.text.UART0_IRQHandler)
                  00000d00    0000005c     libc.a : printf.c.obj (.text.printf)
                  00000d5c    00000058     motor.o (.text.Set_PWM)
                  00000db4    00000048     driverlib.a : dl_uart.o (.text.DL_UART_init)
                  00000dfc    00000048     ti_msp_dl_config.o (.text.SYSCFG_DL_initPower)
                  00000e44    00000040     libclang_rt.builtins.a : aeabi_uidivmod.S.obj (.text.__aeabi_uidivmod)
                  00000e84    0000003c     ti_msp_dl_config.o (.text.SYSCFG_DL_SYSCTL_init)
                  00000ec0    0000003c     libclang_rt.builtins.a : floatsisf.S.obj (.text.__floatsisf)
                  00000efc    0000003c     libc.a : autoinit.c.obj (.text:__TI_auto_init_nobinit_nopinit)
                  00000f38    0000003a     libclang_rt.builtins.a : muldsi3.S.obj (.text.__muldsi3)
                  00000f72    00000002     libc.a : _lock.c.obj (.text._nop)
                  00000f74    00000038     ti_msp_dl_config.o (.text.SYSCFG_DL_TIMER_0_init)
                  00000fac    00000038     libclang_rt.builtins.a : fixsfsi.S.obj (.text.__fixsfsi)
                  00000fe4    00000034     ti_msp_dl_config.o (.text.SYSCFG_DL_init)
                  00001018    00000030     led.o (.text.LED_Flash)
                  00001048    0000002c     board.o (.text.fputc)
                  00001074    00000028     libc.a : boot_cortex_m.c.obj (.text:_c_int00_noargs)
                  0000109c    00000022            : memccpy.c.obj (.text.memccpy)
                  000010be    00000002     --HOLE-- [fill = 0]
                  000010c0    00000020     driverlib.a : dl_uart.o (.text.DL_UART_transmitDataBlocking)
                  000010e0    0000001c                 : dl_timer.o (.text.DL_Timer_setCaptCompUpdateMethod)
                  000010fc    0000001c                 : dl_timer.o (.text.DL_Timer_setClockConfig)
                  00001118    0000001c     ti_msp_dl_config.o (.text.SYSCFG_DL_SYSTICK_init)
                  00001134    00000018     driverlib.a : dl_timer.o (.text.DL_Timer_setCaptureCompareOutCtl)
                  0000114c    00000016     libc.a : copy_zero_init.c.obj (.text:decompress:ZI:__TI_zero_init_nomemset)
                  00001162    00000012     driverlib.a : dl_uart.o (.text.DL_UART_setClockConfig)
                  00001174    00000012     libc.a : copy_decompress_none.c.obj (.text:decompress:none)
                  00001186    00000002     --HOLE-- [fill = 0]
                  00001188    00000010     driverlib.a : dl_timer.o (.text.DL_Timer_setCaptureCompareValue)
                  00001198    0000000e     libclang_rt.builtins.a : aeabi_memset.S.obj (.text.__aeabi_memset)
                  000011a6    0000000e     libc.a : _printfi.c.obj (.text.strlen)
                  000011b4    0000000a     driverlib.a : dl_common.o (.text.DL_Common_delayCycles)
                  000011be    00000002     --HOLE-- [fill = 0]
                  000011c0    00000008     libclang_rt.builtins.a : aeabi_memcpy.S.obj (.text.__aeabi_memcpy)
                  000011c8    00000008     libc.a : printf.c.obj (.text._outc)
                  000011d0    00000008            : printf.c.obj (.text._outs)
                  000011d8    00000006            : exit.c.obj (.text:abort)
                  000011de    00000004     libsysbm.a : hostexit.c.obj (.text.HOSTexit)
                  000011e2    00000004     startup_mspm0g350x_ticlang.o (.text.Reset_Handler)
                  000011e6    00000004     libc.a : pre_init.c.obj (.text._system_pre_init)
                  000011ea    00000006     --HOLE-- [fill = 0]

.cinit     0    00001238    00000060     
                  00001238    00000035     (.cinit..data.load) [load image, compression = lzss]
                  0000126d    00000003     --HOLE-- [fill = 0]
                  00001270    0000000c     (__TI_handler_table)
                  0000127c    00000008     (.cinit..bss.load) [load image, compression = zero_init]
                  00001284    00000010     (__TI_cinit_table)
                  00001294    00000004     --HOLE-- [fill = 0]

.rodata    0    000011f0    00000048     
                  000011f0    00000014     ti_msp_dl_config.o (.rodata.gTIMER_0TimerConfig)
                  00001204    00000011     libc.a : _printfi.c.obj (.rodata.str1.15363888844622738466.1)
                  00001215    00000001     --HOLE-- [fill = 0]
                  00001216    0000000a     ti_msp_dl_config.o (.rodata.gUART_0Config)
                  00001220    00000008     ti_msp_dl_config.o (.rodata.gPWM_0Config)
                  00001228    00000008     main.o (.rodata.str1.15159059442110792349.1)
                  00001230    00000003     ti_msp_dl_config.o (.rodata.gPWM_0ClockConfig)
                  00001233    00000003     ti_msp_dl_config.o (.rodata.gTIMER_0ClockConfig)
                  00001236    00000002     ti_msp_dl_config.o (.rodata.gUART_0ClockConfig)

.init_array 
*          0    00000000    00000000     UNINITIALIZED

.binit     0    00000000    00000000     

.bss       0    20200000    000001a6     UNINITIALIZED
                  20200000    000000bc     (.common:gPWM_0Backup)
                  202000bc    000000bc     (.common:gTIMER_0Backup)
                  20200178    00000004     motor.o (.bss.Velocity_A.ControlVelocityA)
                  2020017c    00000004     motor.o (.bss.Velocity_A.Last_biasA)
                  20200180    00000004     motor.o (.bss.Velocity_B.ControlVelocityB)
                  20200184    00000004     motor.o (.bss.Velocity_B.Last_biasB)
                  20200188    00000004     (.common:Get_Encoder_countA)
                  2020018c    00000004     (.common:Get_Encoder_countB)
                  20200190    00000004     (.common:PWMA)
                  20200194    00000004     (.common:PWMB)
                  20200198    00000004     (.common:encoderA_cnt)
                  2020019c    00000004     (.common:encoderB_cnt)
                  202001a0    00000004     (.common:gpio_interrup)
                  202001a4    00000002     led.o (.bss.LED_Flash.temp)

.data      0    202001a8    00000183     UNINITIALIZED
                  202001a8    000000f0     libc.a : defs.c.obj (.data._ftable)
                  20200298    00000080     board.o (.data.recv0_buff)
                  20200318    00000004     motor.o (.data.Velcity_Ki)
                  2020031c    00000004     motor.o (.data.Velcity_Kp)
                  20200320    00000004     libc.a : _lock.c.obj (.data._lock)
                  20200324    00000004            : _lock.c.obj (.data._unlock)
                  20200328    00000002     board.o (.data.recv0_length)
                  2020032a    00000001     board.o (.data.recv0_flag)

.stack     0    20207e00    00000200     UNINITIALIZED
                  20207e00    00000004     libc.a : boot_cortex_m.c.obj (.stack)
                  20207e04    000001fc     --HOLE--

__llvm_prf_cnts 
*          0    20200000    00000000     UNINITIALIZED

__llvm_prf_bits 
*          0    20200000    00000000     UNINITIALIZED

MODULE SUMMARY

       Module                         code   ro data   rw data
       ------                         ----   -------   -------
    .\
       ti_msp_dl_config.o             672    46        376    
       main.o                         204    8         24     
       startup_mspm0g350x_ticlang.o   6      192       0      
    +--+------------------------------+------+---------+---------+
       Total:                         882    246       400    
                                                              
    .\Hardware\
       board.o                        288    0         131    
       motor.o                        352    0         24     
       encoder.o                      148    0         4      
       led.o                          48     0         2      
    +--+------------------------------+------+---------+---------+
       Total:                         836    0         161    
                                                              
    D:/ti/mspm0_sdk_2_05_00_05/source/ti/driverlib/lib/ticlang/m0p/mspm0g1x0x_g3x0x/driverlib.a
       dl_timer.o                     588    0         0      
       dl_uart.o                      122    0         0      
       dl_common.o                    10     0         0      
    +--+------------------------------+------+---------+---------+
       Total:                         720    0         0      
                                                              
    D:\ti\ccs2011\ccs\tools\compiler\ti-cgt-armllvm_4.0.2.LTS\lib\armv6m-ti-none-eabi/c/libc.a
       _printfi.c.obj                 658    17        0      
       defs.c.obj                     0      0         240    
       memcpy16.S.obj                 154    0         0      
       copy_decompress_lzss.c.obj     124    0         0      
       printf.c.obj                   108    0         0      
       memset16.S.obj                 98     0         0      
       autoinit.c.obj                 60     0         0      
       boot_cortex_m.c.obj            40     0         0      
       memccpy.c.obj                  34     0         0      
       copy_zero_init.c.obj           22     0         0      
       copy_decompress_none.c.obj     18     0         0      
       _lock.c.obj                    2      0         8      
       exit.c.obj                     6      0         0      
       pre_init.c.obj                 4      0         0      
    +--+------------------------------+------+---------+---------+
       Total:                         1328   17        248    
                                                              
    D:\ti\ccs2011\ccs\tools\compiler\ti-cgt-armllvm_4.0.2.LTS\lib\armv6m-ti-none-eabi/c/libsysbm.a
       hostexit.c.obj                 4      0         0      
    +--+------------------------------+------+---------+---------+
       Total:                         4      0         0      
                                                              
    D:\ti\ccs2011\ccs\tools\compiler\ti-cgt-armllvm_4.0.2.LTS\lib\armv6m-ti-none-eabi/libclang_rt.builtins.a
       addsf3.S.obj                   216    0         0      
       mulsf3.S.obj                   140    0         0      
       aeabi_uidivmod.S.obj           64     0         0      
       floatsisf.S.obj                60     0         0      
       muldsi3.S.obj                  58     0         0      
       fixsfsi.S.obj                  56     0         0      
       aeabi_memset.S.obj             14     0         0      
       aeabi_memcpy.S.obj             8      0         0      
       aeabi_div0.c.obj               2      0         0      
    +--+------------------------------+------+---------+---------+
       Total:                         618    0         0      
                                                              
       Stack:                         0      0         512    
       Linker Generated:              0      89        0      
    +--+------------------------------+------+---------+---------+
       Grand Total:                   4388   352       1321   


LINKER GENERATED COPY TABLES

__TI_cinit_table @ 00001284 records: 2, size/record: 8, table size: 16
	.data: load addr=00001238, load size=00000035 bytes, run addr=202001a8, run size=00000183 bytes, compression=lzss
	.bss: load addr=0000127c, load size=00000008 bytes, run addr=20200000, run size=000001a6 bytes, compression=zero_init


LINKER GENERATED HANDLER TABLE

__TI_handler_table @ 00001270 records: 3, size/record: 4, table size: 12
	index: 0, handler: __TI_decompress_lzss
	index: 1, handler: __TI_decompress_none
	index: 2, handler: __TI_zero_init


GLOBAL SYMBOLS: SORTED ALPHABETICALLY BY Name 

address   name                            
-------   ----                            
0000073f  ADC0_IRQHandler                 
0000073f  ADC1_IRQHandler                 
0000073f  AES_IRQHandler                  
000011de  C$$EXIT                         
0000073f  CANFD0_IRQHandler               
0000073f  DAC0_IRQHandler                 
000011b5  DL_Common_delayCycles           
00000345  DL_Timer_initFourCCPWMMode      
00000449  DL_Timer_initTimerMode          
000010e1  DL_Timer_setCaptCompUpdateMethod
00001135  DL_Timer_setCaptureCompareOutCtl
00001189  DL_Timer_setCaptureCompareValue 
000010fd  DL_Timer_setClockConfig         
00000db5  DL_UART_init                    
00001163  DL_UART_setClockConfig          
000010c1  DL_UART_transmitDataBlocking    
0000073f  DMA_IRQHandler                  
0000073f  Default_Handler                 
0000073f  GROUP0_IRQHandler               
000007d9  GROUP1_IRQHandler               
20200188  Get_Encoder_countA              
2020018c  Get_Encoder_countB              
000011df  HOSTexit                        
0000073f  HardFault_Handler               
0000073f  I2C0_IRQHandler                 
0000073f  I2C1_IRQHandler                 
00001019  LED_Flash                       
0000073f  NMI_Handler                     
20200190  PWMA                            
20200194  PWMB                            
0000073f  PendSV_Handler                  
0000073f  RTC_IRQHandler                  
000011e3  Reset_Handler                   
0000073f  SPI0_IRQHandler                 
0000073f  SPI1_IRQHandler                 
0000073f  SVC_Handler                     
00000609  SYSCFG_DL_GPIO_init             
0000086d  SYSCFG_DL_PWM_0_init            
00000e85  SYSCFG_DL_SYSCTL_init           
00001119  SYSCFG_DL_SYSTICK_init          
00000f75  SYSCFG_DL_TIMER_0_init          
00000b09  SYSCFG_DL_UART_0_init           
00000fe5  SYSCFG_DL_init                  
00000dfd  SYSCFG_DL_initPower             
00000d5d  Set_PWM                         
0000073f  SysTick_Handler                 
00000b75  TIMA0_IRQHandler                
0000073f  TIMA1_IRQHandler                
0000073f  TIMG0_IRQHandler                
0000073f  TIMG12_IRQHandler               
0000073f  TIMG6_IRQHandler                
0000073f  TIMG7_IRQHandler                
0000073f  TIMG8_IRQHandler                
00000ca5  UART0_IRQHandler                
0000073f  UART1_IRQHandler                
0000073f  UART2_IRQHandler                
0000073f  UART3_IRQHandler                
20200318  Velcity_Ki                      
2020031c  Velcity_Kp                      
00000985  Velocity_A                      
00000a09  Velocity_B                      
20208000  __STACK_END                     
00000200  __STACK_SIZE                    
00000000  __TI_ATRegion0_region_sz        
00000000  __TI_ATRegion0_src_addr         
00000000  __TI_ATRegion0_trg_addr         
00000000  __TI_ATRegion1_region_sz        
00000000  __TI_ATRegion1_src_addr         
00000000  __TI_ATRegion1_trg_addr         
00000000  __TI_ATRegion2_region_sz        
00000000  __TI_ATRegion2_src_addr         
00000000  __TI_ATRegion2_trg_addr         
00001284  __TI_CINIT_Base                 
00001294  __TI_CINIT_Limit                
00001294  __TI_CINIT_Warm                 
00001270  __TI_Handler_Table_Base         
0000127c  __TI_Handler_Table_Limit        
00000efd  __TI_auto_init_nobinit_nopinit  
00000a8d  __TI_decompress_lzss            
00001175  __TI_decompress_none            
ffffffff  __TI_pprof_out_hndl             
000000c1  __TI_printfi_minimal            
ffffffff  __TI_prof_data_size             
ffffffff  __TI_prof_data_start            
00000000  __TI_static_base__              
0000114d  __TI_zero_init_nomemset         
0000053b  __addsf3                        
00000fad  __aeabi_f2iz                    
0000053b  __aeabi_fadd                    
000008f9  __aeabi_fmul                    
00000531  __aeabi_fsub                    
00000ec1  __aeabi_i2f                     
00000ca3  __aeabi_idiv0                   
000011c1  __aeabi_memcpy                  
000011c1  __aeabi_memcpy4                 
000011c1  __aeabi_memcpy8                 
00001199  __aeabi_memset                  
00001199  __aeabi_memset4                 
00001199  __aeabi_memset8                 
00000e45  __aeabi_uidiv                   
00000e45  __aeabi_uidivmod                
ffffffff  __binit__                       
00000fad  __fixsfsi                       
00000ec1  __floatsisf                     
UNDEFED   __mpu_init                      
00000f39  __muldsi3                       
000008f9  __mulsf3                        
20207e00  __stack                         
20200000  __start___llvm_prf_bits         
20200000  __start___llvm_prf_cnts         
20200000  __stop___llvm_prf_bits          
20200000  __stop___llvm_prf_cnts          
00000531  __subsf3                        
00001075  _c_int00_noargs                 
202001a8  _ftable                         
20200320  _lock                           
00000f73  _nop                            
UNDEFED   _system_post_cinit              
000011e7  _system_pre_init                
20200324  _unlock                         
000011d9  abort                           
ffffffff  binit                           
20200198  encoderA_cnt                    
2020019c  encoderB_cnt                    
00001049  fputc                           
00000741  fputs                           
20200000  gPWM_0Backup                    
202000bc  gTIMER_0Backup                  
202001a0  gpio_interrup                   
00000000  interruptVectors                
00000bdd  main                            
0000109d  memccpy                         
000006a5  memcpy                          
00000c41  memset                          
00000d01  printf                          
20200298  recv0_buff                      
2020032a  recv0_flag                      
20200328  recv0_length                    


GLOBAL SYMBOLS: SORTED BY Symbol Address 

address   name                            
-------   ----                            
00000000  __TI_ATRegion0_region_sz        
00000000  __TI_ATRegion0_src_addr         
00000000  __TI_ATRegion0_trg_addr         
00000000  __TI_ATRegion1_region_sz        
00000000  __TI_ATRegion1_src_addr         
00000000  __TI_ATRegion1_trg_addr         
00000000  __TI_ATRegion2_region_sz        
00000000  __TI_ATRegion2_src_addr         
00000000  __TI_ATRegion2_trg_addr         
00000000  __TI_static_base__              
00000000  interruptVectors                
000000c1  __TI_printfi_minimal            
00000200  __STACK_SIZE                    
00000345  DL_Timer_initFourCCPWMMode      
00000449  DL_Timer_initTimerMode          
00000531  __aeabi_fsub                    
00000531  __subsf3                        
0000053b  __addsf3                        
0000053b  __aeabi_fadd                    
00000609  SYSCFG_DL_GPIO_init             
000006a5  memcpy                          
0000073f  ADC0_IRQHandler                 
0000073f  ADC1_IRQHandler                 
0000073f  AES_IRQHandler                  
0000073f  CANFD0_IRQHandler               
0000073f  DAC0_IRQHandler                 
0000073f  DMA_IRQHandler                  
0000073f  Default_Handler                 
0000073f  GROUP0_IRQHandler               
0000073f  HardFault_Handler               
0000073f  I2C0_IRQHandler                 
0000073f  I2C1_IRQHandler                 
0000073f  NMI_Handler                     
0000073f  PendSV_Handler                  
0000073f  RTC_IRQHandler                  
0000073f  SPI0_IRQHandler                 
0000073f  SPI1_IRQHandler                 
0000073f  SVC_Handler                     
0000073f  SysTick_Handler                 
0000073f  TIMA1_IRQHandler                
0000073f  TIMG0_IRQHandler                
0000073f  TIMG12_IRQHandler               
0000073f  TIMG6_IRQHandler                
0000073f  TIMG7_IRQHandler                
0000073f  TIMG8_IRQHandler                
0000073f  UART1_IRQHandler                
0000073f  UART2_IRQHandler                
0000073f  UART3_IRQHandler                
00000741  fputs                           
000007d9  GROUP1_IRQHandler               
0000086d  SYSCFG_DL_PWM_0_init            
000008f9  __aeabi_fmul                    
000008f9  __mulsf3                        
00000985  Velocity_A                      
00000a09  Velocity_B                      
00000a8d  __TI_decompress_lzss            
00000b09  SYSCFG_DL_UART_0_init           
00000b75  TIMA0_IRQHandler                
00000bdd  main                            
00000c41  memset                          
00000ca3  __aeabi_idiv0                   
00000ca5  UART0_IRQHandler                
00000d01  printf                          
00000d5d  Set_PWM                         
00000db5  DL_UART_init                    
00000dfd  SYSCFG_DL_initPower             
00000e45  __aeabi_uidiv                   
00000e45  __aeabi_uidivmod                
00000e85  SYSCFG_DL_SYSCTL_init           
00000ec1  __aeabi_i2f                     
00000ec1  __floatsisf                     
00000efd  __TI_auto_init_nobinit_nopinit  
00000f39  __muldsi3                       
00000f73  _nop                            
00000f75  SYSCFG_DL_TIMER_0_init          
00000fad  __aeabi_f2iz                    
00000fad  __fixsfsi                       
00000fe5  SYSCFG_DL_init                  
00001019  LED_Flash                       
00001049  fputc                           
00001075  _c_int00_noargs                 
0000109d  memccpy                         
000010c1  DL_UART_transmitDataBlocking    
000010e1  DL_Timer_setCaptCompUpdateMethod
000010fd  DL_Timer_setClockConfig         
00001119  SYSCFG_DL_SYSTICK_init          
00001135  DL_Timer_setCaptureCompareOutCtl
0000114d  __TI_zero_init_nomemset         
00001163  DL_UART_setClockConfig          
00001175  __TI_decompress_none            
00001189  DL_Timer_setCaptureCompareValue 
00001199  __aeabi_memset                  
00001199  __aeabi_memset4                 
00001199  __aeabi_memset8                 
000011b5  DL_Common_delayCycles           
000011c1  __aeabi_memcpy                  
000011c1  __aeabi_memcpy4                 
000011c1  __aeabi_memcpy8                 
000011d9  abort                           
000011de  C$$EXIT                         
000011df  HOSTexit                        
000011e3  Reset_Handler                   
000011e7  _system_pre_init                
00001270  __TI_Handler_Table_Base         
0000127c  __TI_Handler_Table_Limit        
00001284  __TI_CINIT_Base                 
00001294  __TI_CINIT_Limit                
00001294  __TI_CINIT_Warm                 
20200000  __start___llvm_prf_bits         
20200000  __start___llvm_prf_cnts         
20200000  __stop___llvm_prf_bits          
20200000  __stop___llvm_prf_cnts          
20200000  gPWM_0Backup                    
202000bc  gTIMER_0Backup                  
20200188  Get_Encoder_countA              
2020018c  Get_Encoder_countB              
20200190  PWMA                            
20200194  PWMB                            
20200198  encoderA_cnt                    
2020019c  encoderB_cnt                    
202001a0  gpio_interrup                   
202001a8  _ftable                         
20200298  recv0_buff                      
20200318  Velcity_Ki                      
2020031c  Velcity_Kp                      
20200320  _lock                           
20200324  _unlock                         
20200328  recv0_length                    
2020032a  recv0_flag                      
20207e00  __stack                         
20208000  __STACK_END                     
ffffffff  __TI_pprof_out_hndl             
ffffffff  __TI_prof_data_size             
ffffffff  __TI_prof_data_start            
ffffffff  __binit__                       
ffffffff  binit                           
UNDEFED   __mpu_init                      
UNDEFED   _system_post_cinit              

[138 symbols]
