******************************************************************************
            TI ARM Clang Linker PC v4.0.2                      
******************************************************************************
>> Linked Wed Jul 16 18:51:44 2025

OUTPUT FILE NAME:   <empty_LP_MSPM0G3507_nortos_ticlang.out>
ENTRY POINT SYMBOL: "_c_int00_noargs"  address: 00002da9


MEMORY CONFIGURATION

         name            origin    length      used     unused   attr    fill
----------------------  --------  ---------  --------  --------  ----  --------
  FLASH                 00000000   00008000  00003228  00004dd8  R  X
  SRAM                  20200000   00004000  0000043c  00003bc4  RW X
  BCR_CONFIG            41c00000   000000ff  00000000  000000ff  R   
  BSL_CONFIG            41c00100   00000080  00000000  00000080  R   


SEGMENT ALLOCATION MAP

run origin  load origin   length   init length attrs members
----------  ----------- ---------- ----------- ----- -------
00000000    00000000    00002fc8   00002fc8    r-x
  00000000    00000000    000000c0   000000c0    r-- .intvecs
  000000c0    000000c0    00002f08   00002f08    r-x .text
00002fd0    00002fd0    00000260   00000260    r--
  00002fd0    00002fd0    00000220   00000220    r-- .rodata
  000031f0    000031f0    00000040   00000040    r-- .cinit
20200000    20200000    0000023c   00000000    rw-
  20200000    20200000    0000017c   00000000    rw- .bss
  2020017c    2020017c    000000c0   00000000    rw- .data
20203e00    20203e00    00000200   00000000    rw-
  20203e00    20203e00    00000200   00000000    rw- .stack


SECTION ALLOCATION MAP

 output                                  attributes/
section   page    origin      length       input sections
--------  ----  ----------  ----------   ----------------
.intvecs   0    00000000    000000c0     
                  00000000    000000c0     startup_mspm0g350x_ticlang.o (.intvecs)

.text      0    000000c0    00002f08     
                  000000c0    000009d0     libc.a : _printfi.c.obj (.text:__TI_printfi)
                  00000a90    000002b8     motor.o (.text.Move_Forward_Distance_Straight)
                  00000d48    00000254     motor.o (.text.calibrate_motors)
                  00000f9c    00000220     libc.a : _printfi.c.obj (.text._pconv_a)
                  000011bc    000001dc            : _printfi.c.obj (.text._pconv_g)
                  00001398    00000192     libclang_rt.builtins.a : adddf3.S.obj (.text.adddf3_subdf3)
                  0000152a    00000002     startup_mspm0g350x_ticlang.o (.text.Default_Handler)
                  0000152c    0000013c     libc.a : _printfi.c.obj (.text.fcvt)
                  00001668    00000124     board.o (.text.board_init)
                  0000178c    00000120     libc.a : _printfi.c.obj (.text._pconv_e)
                  000018ac    0000010c     libclang_rt.builtins.a : divdf3.S.obj (.text.__divdf3)
                  000019b8    00000104     driverlib.a : dl_timer.o (.text.DL_Timer_initFourCCPWMMode)
                  00001abc    000000e8                 : dl_timer.o (.text.DL_Timer_initTimerMode)
                  00001ba4    000000e4     libclang_rt.builtins.a : muldf3.S.obj (.text.__muldf3)
                  00001c88    000000d8     libc.a : s_scalbn.c.obj (.text.scalbn)
                  00001d60    000000d8     libclang_rt.builtins.a : addsf3.S.obj (.text)
                  00001e38    000000c0     motor.o (.text.Set_PWM)
                  00001ef8    000000b8     encoder.o (.text.GROUP1_IRQHandler)
                  00001fb0    000000a2     libclang_rt.builtins.a : udivmoddi4.S.obj (.text)
                  00002052    00000002                            : aeabi_div0.c.obj (.text.__aeabi_idiv0)
                  00002054    0000009c     ti_msp_dl_config.o (.text.SYSCFG_DL_GPIO_init)
                  000020f0    0000009a     libc.a : memcpy16.S.obj (.text:memcpy)
                  0000218a    00000002     libclang_rt.builtins.a : aeabi_div0.c.obj (.text.__aeabi_ldiv0)
                  0000218c    0000008c     ti_msp_dl_config.o (.text.SYSCFG_DL_PWM_0_init)
                  00002218    0000008c     libclang_rt.builtins.a : mulsf3.S.obj (.text.__mulsf3)
                  000022a4    00000082                            : divsf3.S.obj (.text.__divsf3)
                  00002326    00000002     --HOLE-- [fill = 0]
                  00002328    0000007c     libc.a : copy_decompress_lzss.c.obj (.text:decompress:lzss)
                  000023a4    00000074     libclang_rt.builtins.a : comparedf2.c.obj (.text.__gedf2)
                  00002418    0000006c     ti_msp_dl_config.o (.text.SYSCFG_DL_UART_0_init)
                  00002484    0000006c     empty.o (.text.main)
                  000024f0    00000068     libclang_rt.builtins.a : comparedf2.c.obj (.text.__ledf2)
                  00002558    00000066     libc.a : _printfi.c.obj (.text._mcpy)
                  000025be    00000002     --HOLE-- [fill = 0]
                  000025c0    00000062     libclang_rt.builtins.a : aeabi_dcmp.S.obj (.text.__aeabi_dcmp)
                  00002622    00000002     --HOLE-- [fill = 0]
                  00002624    00000062                            : aeabi_fcmp.S.obj (.text.__aeabi_fcmp)
                  00002686    00000062     libc.a : memset16.S.obj (.text:memset)
                  000026e8    0000005c     board.o (.text.UART0_IRQHandler)
                  00002744    0000005c     libc.a : s_frexp.c.obj (.text.frexp)
                  000027a0    00000058            : _ltoa.c.obj (.text.__TI_ltoa)
                  000027f8    00000058            : _printfi.c.obj (.text._pconv_f)
                  00002850    00000056     libclang_rt.builtins.a : aeabi_idivmod.S.obj (.text.__aeabi_idivmod)
                  000028a6    00000052     libc.a : _printfi.c.obj (.text._ecpy)
                  000028f8    0000004a     libclang_rt.builtins.a : fixdfsi.S.obj (.text.__fixdfsi)
                  00002942    00000002     --HOLE-- [fill = 0]
                  00002944    00000048     driverlib.a : dl_uart.o (.text.DL_UART_init)
                  0000298c    00000048     ti_msp_dl_config.o (.text.SYSCFG_DL_initPower)
                  000029d4    00000040     libclang_rt.builtins.a : aeabi_uidivmod.S.obj (.text.__aeabi_uidivmod)
                  00002a14    00000040                            : extendsfdf2.S.obj (.text.__extendsfdf2)
                  00002a54    00000040     libc.a : atoi.c.obj (.text.atoi)
                  00002a94    00000040     board.o (.text.delay_ms)
                  00002ad4    0000003c     ti_msp_dl_config.o (.text.SYSCFG_DL_SYSCTL_init)
                  00002b10    0000003c     libclang_rt.builtins.a : floatsisf.S.obj (.text.__floatsisf)
                  00002b4c    0000003c                            : comparesf2.S.obj (.text.__gtsf2)
                  00002b88    0000003c     libc.a : autoinit.c.obj (.text:__TI_auto_init_nobinit_nopinit)
                  00002bc4    0000003a     libclang_rt.builtins.a : comparesf2.S.obj (.text.__eqsf2)
                  00002bfe    00000002     --HOLE-- [fill = 0]
                  00002c00    0000003a                            : muldsi3.S.obj (.text.__muldsi3)
                  00002c3a    00000002     --HOLE-- [fill = 0]
                  00002c3c    00000038     ti_msp_dl_config.o (.text.SYSCFG_DL_TIMER_0_init)
                  00002c74    00000038     libclang_rt.builtins.a : fixsfsi.S.obj (.text.__fixsfsi)
                  00002cac    00000038     libc.a : sprintf.c.obj (.text.sprintf)
                  00002ce4    00000034     ti_msp_dl_config.o (.text.SYSCFG_DL_init)
                  00002d18    00000034     board.o (.text.uart0_send_string)
                  00002d4c    00000030     libc.a : _printfi.c.obj (.text._fcpy)
                  00002d7c    0000002c     libclang_rt.builtins.a : floatsidf.S.obj (.text.__floatsidf)
                  00002da8    00000028     libc.a : boot_cortex_m.c.obj (.text:_c_int00_noargs)
                  00002dd0    00000024     libclang_rt.builtins.a : muldi3.S.obj (.text.__muldi3)
                  00002df4    00000022     libc.a : memccpy.c.obj (.text.memccpy)
                  00002e16    00000002     --HOLE-- [fill = 0]
                  00002e18    0000001e     libclang_rt.builtins.a : ashldi3.S.obj (.text.__ashldi3)
                  00002e36    00000002     --HOLE-- [fill = 0]
                  00002e38    0000001c     driverlib.a : dl_timer.o (.text.DL_Timer_setCaptCompUpdateMethod)
                  00002e54    0000001c                 : dl_timer.o (.text.DL_Timer_setClockConfig)
                  00002e70    0000001c     ti_msp_dl_config.o (.text.SYSCFG_DL_SYSTICK_init)
                  00002e8c    00000018     driverlib.a : dl_timer.o (.text.DL_Timer_setCaptureCompareOutCtl)
                  00002ea4    00000018     libc.a : sprintf.c.obj (.text._outs)
                  00002ebc    00000016            : copy_zero_init.c.obj (.text:decompress:ZI:__TI_zero_init_nomemset)
                  00002ed2    00000002     --HOLE-- [fill = 0]
                  00002ed4    00000014     libclang_rt.builtins.a : aeabi_uldivmod.S.obj (.text.__aeabi_uldivmod)
                  00002ee8    00000014     libc.a : _printfi.c.obj (.text.strchr)
                  00002efc    00000012     driverlib.a : dl_uart.o (.text.DL_UART_setClockConfig)
                  00002f0e    00000012     libc.a : copy_decompress_none.c.obj (.text:decompress:none)
                  00002f20    00000010     driverlib.a : dl_timer.o (.text.DL_Timer_setCaptureCompareValue)
                  00002f30    00000010     motor.o (.text.Move_Forward_20cm)
                  00002f40    00000010     libc.a : wcslen.c.obj (.text.wcslen)
                  00002f50    0000000e     libclang_rt.builtins.a : aeabi_memset.S.obj (.text.__aeabi_memset)
                  00002f5e    0000000e     libc.a : _printfi.c.obj (.text.strlen)
                  00002f6c    0000000a     driverlib.a : dl_common.o (.text.DL_Common_delayCycles)
                  00002f76    0000000a     libc.a : _printfi.c.obj (.text.OUTLINED_FUNCTION_0)
                  00002f80    00000010     libclang_rt.builtins.a : adddf3.S.obj (.tramp.__aeabi_dsub.1)
                  00002f90    0000000a     libc.a : _printfi.c.obj (.text.OUTLINED_FUNCTION_1)
                  00002f9a    0000000a            : sprintf.c.obj (.text._outc)
                  00002fa4    00000008            : aeabi_portable.c.obj (.text.__aeabi_errno_addr)
                  00002fac    00000008     libclang_rt.builtins.a : aeabi_memcpy.S.obj (.text.__aeabi_memcpy)
                  00002fb4    00000006     libc.a : exit.c.obj (.text:abort)
                  00002fba    00000004     libsysbm.a : hostexit.c.obj (.text.HOSTexit)
                  00002fbe    00000004     startup_mspm0g350x_ticlang.o (.text.Reset_Handler)
                  00002fc2    00000004     libc.a : pre_init.c.obj (.text._system_pre_init)
                  00002fc6    00000002     --HOLE-- [fill = 0]

.cinit     0    000031f0    00000040     
                  000031f0    00000016     (.cinit..data.load) [load image, compression = lzss]
                  00003206    00000002     --HOLE-- [fill = 0]
                  00003208    0000000c     (__TI_handler_table)
                  00003214    00000008     (.cinit..bss.load) [load image, compression = zero_init]
                  0000321c    00000010     (__TI_cinit_table)
                  0000322c    00000004     --HOLE-- [fill = 0]

.rodata    0    00002fd0    00000220     
                  00002fd0    00000101     libc.a : aeabi_ctype.S.obj (.rodata:__aeabi_ctype_table_)
                  000030d1    00000029     motor.o (.rodata.str1.10718775090649846465.1)
                  000030fa    00000029     motor.o (.rodata.str1.12748093362806134514.1)
                  00003123    00000023     empty.o (.rodata.str1.254342170260855183.1)
                  00003146    00000022     board.o (.rodata.str1.10345935079445805060.1)
                  00003168    00000020     motor.o (.rodata.str1.5850567729483738290.1)
                  00003188    00000015     empty.o (.rodata.str1.9517790425240694019.1)
                  0000319d    00000003     ti_msp_dl_config.o (.rodata.gPWM_0ClockConfig)
                  000031a0    00000014     ti_msp_dl_config.o (.rodata.gTIMER_0TimerConfig)
                  000031b4    00000011     libc.a : _printfi.c.obj (.rodata.str1.10348868589481759720.1)
                  000031c5    00000011            : _printfi.c.obj (.rodata.str1.15363888844622738466.1)
                  000031d6    0000000a     ti_msp_dl_config.o (.rodata.gUART_0Config)
                  000031e0    00000008     ti_msp_dl_config.o (.rodata.gPWM_0Config)
                  000031e8    00000003     ti_msp_dl_config.o (.rodata.gTIMER_0ClockConfig)
                  000031eb    00000002     ti_msp_dl_config.o (.rodata.gUART_0ClockConfig)
                  000031ed    00000003     --HOLE-- [fill = 0]

.init_array 
*          0    00000000    00000000     UNINITIALIZED

.binit     0    00000000    00000000     

.bss       0    20200000    0000017c     UNINITIALIZED
                  20200000    000000bc     (.common:gPWM_0Backup)
                  202000bc    000000bc     (.common:gTIMER_0Backup)
                  20200178    00000004     (.common:gpio_interrup)

.data      0    2020017c    000000c0     UNINITIALIZED
                  2020017c    00000080     board.o (.data.recv0_buff)
                  202001fc    00000004     encoder.o (.data.Get_Encoder_countA)
                  20200200    00000004     encoder.o (.data.Get_Encoder_countB)
                  20200204    00000004     motor.o (.data.Velcity_Ki)
                  20200208    00000004     motor.o (.data.Velcity_Kp)
                  2020020c    00000004     motor.o (.data.Velocity_A.ControlVelocityA)
                  20200210    00000004     motor.o (.data.Velocity_A.Last_biasA)
                  20200214    00000004     motor.o (.data.Velocity_B.ControlVelocityB)
                  20200218    00000004     motor.o (.data.Velocity_B.Last_biasB)
                  2020021c    00000004     libc.a : aeabi_portable.c.obj (.data.__aeabi_errno)
                  20200220    00000004     encoder.o (.data.encoderA_cnt)
                  20200224    00000004     encoder.o (.data.encoderB_cnt)
                  20200228    00000004     motor.o (.data.motor_A_calibration)
                  2020022c    00000004     motor.o (.data.motor_B_calibration)
                  20200230    00000004     motor.o (.data.start_encoder_A)
                  20200234    00000004     motor.o (.data.start_encoder_B)
                  20200238    00000002     board.o (.data.recv0_length)
                  2020023a    00000001     motor.o (.data.distance_control_active)
                  2020023b    00000001     board.o (.data.recv0_flag)

.stack     0    20203e00    00000200     UNINITIALIZED
                  20203e00    00000004     libc.a : boot_cortex_m.c.obj (.stack)
                  20203e04    000001fc     --HOLE--

__llvm_prf_cnts 
*          0    20200000    00000000     UNINITIALIZED

__llvm_prf_bits 
*          0    20200000    00000000     UNINITIALIZED

MODULE SUMMARY

       Module                         code    ro data   rw data
       ------                         ----    -------   -------
    .\
       ti_msp_dl_config.o             672     46        376    
       startup_mspm0g350x_ticlang.o   6       192       0      
       empty.o                        108     56        0      
    +--+------------------------------+-------+---------+---------+
       Total:                         786     294       376    
                                                               
    .\Hardware\
       motor.o                        1500    114       41     
       board.o                        500     34        131    
       encoder.o                      184     0         20     
    +--+------------------------------+-------+---------+---------+
       Total:                         2184    148       192    
                                                               
    D:/ti/mspm0_sdk_2_05_00_05/source/ti/driverlib/lib/ticlang/m0p/mspm0g1x0x_g3x0x/driverlib.a
       dl_timer.o                     588     0         0      
       dl_uart.o                      90      0         0      
       dl_common.o                    10      0         0      
    +--+------------------------------+-------+---------+---------+
       Total:                         688     0         0      
                                                               
    D:\ti\ccs2011\ccs\tools\compiler\ti-cgt-armllvm_4.0.2.LTS\lib\armv6m-ti-none-eabi/c/libc.a
       _printfi.c.obj                 4510    34        0      
       aeabi_ctype.S.obj              0       257       0      
       s_scalbn.c.obj                 216     0         0      
       memcpy16.S.obj                 154     0         0      
       copy_decompress_lzss.c.obj     124     0         0      
       memset16.S.obj                 98      0         0      
       s_frexp.c.obj                  92      0         0      
       sprintf.c.obj                  90      0         0      
       _ltoa.c.obj                    88      0         0      
       atoi.c.obj                     64      0         0      
       autoinit.c.obj                 60      0         0      
       boot_cortex_m.c.obj            40      0         0      
       memccpy.c.obj                  34      0         0      
       copy_zero_init.c.obj           22      0         0      
       copy_decompress_none.c.obj     18      0         0      
       wcslen.c.obj                   16      0         0      
       aeabi_portable.c.obj           8       0         4      
       exit.c.obj                     6       0         0      
       pre_init.c.obj                 4       0         0      
    +--+------------------------------+-------+---------+---------+
       Total:                         5644    291       4      
                                                               
    D:\ti\ccs2011\ccs\tools\compiler\ti-cgt-armllvm_4.0.2.LTS\lib\armv6m-ti-none-eabi/c/libsysbm.a
       hostexit.c.obj                 4       0         0      
    +--+------------------------------+-------+---------+---------+
       Total:                         4       0         0      
                                                               
    D:\ti\ccs2011\ccs\tools\compiler\ti-cgt-armllvm_4.0.2.LTS\lib\armv6m-ti-none-eabi/libclang_rt.builtins.a
       adddf3.S.obj                   418     0         0      
       divdf3.S.obj                   268     0         0      
       muldf3.S.obj                   228     0         0      
       comparedf2.c.obj               220     0         0      
       addsf3.S.obj                   216     0         0      
       udivmoddi4.S.obj               162     0         0      
       mulsf3.S.obj                   140     0         0      
       divsf3.S.obj                   130     0         0      
       comparesf2.S.obj               118     0         0      
       aeabi_dcmp.S.obj               98      0         0      
       aeabi_fcmp.S.obj               98      0         0      
       aeabi_idivmod.S.obj            86      0         0      
       fixdfsi.S.obj                  74      0         0      
       aeabi_uidivmod.S.obj           64      0         0      
       extendsfdf2.S.obj              64      0         0      
       floatsisf.S.obj                60      0         0      
       muldsi3.S.obj                  58      0         0      
       fixsfsi.S.obj                  56      0         0      
       floatsidf.S.obj                44      0         0      
       muldi3.S.obj                   36      0         0      
       ashldi3.S.obj                  30      0         0      
       aeabi_uldivmod.S.obj           20      0         0      
       aeabi_memset.S.obj             14      0         0      
       aeabi_memcpy.S.obj             8       0         0      
       aeabi_div0.c.obj               4       0         0      
    +--+------------------------------+-------+---------+---------+
       Total:                         2714    0         0      
                                                               
       Stack:                         0       0         512    
       Linker Generated:              0       58        0      
    +--+------------------------------+-------+---------+---------+
       Grand Total:                   12020   791       1084   


LINKER GENERATED COPY TABLES

__TI_cinit_table @ 0000321c records: 2, size/record: 8, table size: 16
	.data: load addr=000031f0, load size=00000016 bytes, run addr=2020017c, run size=000000c0 bytes, compression=lzss
	.bss: load addr=00003214, load size=00000008 bytes, run addr=20200000, run size=0000017c bytes, compression=zero_init


LINKER GENERATED HANDLER TABLE

__TI_handler_table @ 00003208 records: 3, size/record: 4, table size: 12
	index: 0, handler: __TI_decompress_lzss
	index: 1, handler: __TI_decompress_none
	index: 2, handler: __TI_zero_init


FAR CALL TRAMPOLINES

callee name               trampoline name
   callee addr  tramp addr   call addr  call info
--------------  -----------  ---------  ----------------
__aeabi_dsub              $Tramp$TT$L$PI$$__aeabi_dsub
   00001399     00002f80     00002f7e   libc.a : _printfi.c.obj (.text.OUTLINED_FUNCTION_0)

[1 trampolines]
[1 trampoline calls]


GLOBAL SYMBOLS: SORTED ALPHABETICALLY BY Name 

address   name                            
-------   ----                            
0000152b  ADC0_IRQHandler                 
0000152b  ADC1_IRQHandler                 
0000152b  AES_IRQHandler                  
00002fba  C$$EXIT                         
0000152b  CANFD0_IRQHandler               
0000152b  DAC0_IRQHandler                 
00002f6d  DL_Common_delayCycles           
000019b9  DL_Timer_initFourCCPWMMode      
00001abd  DL_Timer_initTimerMode          
00002e39  DL_Timer_setCaptCompUpdateMethod
00002e8d  DL_Timer_setCaptureCompareOutCtl
00002f21  DL_Timer_setCaptureCompareValue 
00002e55  DL_Timer_setClockConfig         
00002945  DL_UART_init                    
00002efd  DL_UART_setClockConfig          
0000152b  DMA_IRQHandler                  
0000152b  Default_Handler                 
0000152b  GROUP0_IRQHandler               
00001ef9  GROUP1_IRQHandler               
202001fc  Get_Encoder_countA              
20200200  Get_Encoder_countB              
00002fbb  HOSTexit                        
0000152b  HardFault_Handler               
0000152b  I2C0_IRQHandler                 
0000152b  I2C1_IRQHandler                 
00002f31  Move_Forward_20cm               
00000a91  Move_Forward_Distance_Straight  
0000152b  NMI_Handler                     
0000152b  PendSV_Handler                  
0000152b  RTC_IRQHandler                  
00002fbf  Reset_Handler                   
0000152b  SPI0_IRQHandler                 
0000152b  SPI1_IRQHandler                 
0000152b  SVC_Handler                     
00002055  SYSCFG_DL_GPIO_init             
0000218d  SYSCFG_DL_PWM_0_init            
00002ad5  SYSCFG_DL_SYSCTL_init           
00002e71  SYSCFG_DL_SYSTICK_init          
00002c3d  SYSCFG_DL_TIMER_0_init          
00002419  SYSCFG_DL_UART_0_init           
00002ce5  SYSCFG_DL_init                  
0000298d  SYSCFG_DL_initPower             
00001e39  Set_PWM                         
0000152b  SysTick_Handler                 
0000152b  TIMA0_IRQHandler                
0000152b  TIMA1_IRQHandler                
0000152b  TIMG0_IRQHandler                
0000152b  TIMG12_IRQHandler               
0000152b  TIMG6_IRQHandler                
0000152b  TIMG7_IRQHandler                
0000152b  TIMG8_IRQHandler                
000026e9  UART0_IRQHandler                
0000152b  UART1_IRQHandler                
0000152b  UART2_IRQHandler                
0000152b  UART3_IRQHandler                
20200204  Velcity_Ki                      
20200208  Velcity_Kp                      
20204000  __STACK_END                     
00000200  __STACK_SIZE                    
00000000  __TI_ATRegion0_region_sz        
00000000  __TI_ATRegion0_src_addr         
00000000  __TI_ATRegion0_trg_addr         
00000000  __TI_ATRegion1_region_sz        
00000000  __TI_ATRegion1_src_addr         
00000000  __TI_ATRegion1_trg_addr         
00000000  __TI_ATRegion2_region_sz        
00000000  __TI_ATRegion2_src_addr         
00000000  __TI_ATRegion2_trg_addr         
0000321c  __TI_CINIT_Base                 
0000322c  __TI_CINIT_Limit                
0000322c  __TI_CINIT_Warm                 
00003208  __TI_Handler_Table_Base         
00003214  __TI_Handler_Table_Limit        
00002b89  __TI_auto_init_nobinit_nopinit  
00002329  __TI_decompress_lzss            
00002f0f  __TI_decompress_none            
000027a1  __TI_ltoa                       
ffffffff  __TI_pprof_out_hndl             
000000c1  __TI_printfi                    
ffffffff  __TI_prof_data_size             
ffffffff  __TI_prof_data_start            
00000000  __TI_static_base__              
00002ebd  __TI_zero_init_nomemset         
000013a3  __adddf3                        
00001d6b  __addsf3                        
00002fd0  __aeabi_ctype_table_            
00002fd0  __aeabi_ctype_table_C           
000028f9  __aeabi_d2iz                    
000013a3  __aeabi_dadd                    
000025c1  __aeabi_dcmpeq                  
000025fd  __aeabi_dcmpge                  
00002611  __aeabi_dcmpgt                  
000025e9  __aeabi_dcmple                  
000025d5  __aeabi_dcmplt                  
000018ad  __aeabi_ddiv                    
00001ba5  __aeabi_dmul                    
00001399  __aeabi_dsub                    
2020021c  __aeabi_errno                   
00002fa5  __aeabi_errno_addr              
00002a15  __aeabi_f2d                     
00002c75  __aeabi_f2iz                    
00001d6b  __aeabi_fadd                    
00002625  __aeabi_fcmpeq                  
00002661  __aeabi_fcmpge                  
00002675  __aeabi_fcmpgt                  
0000264d  __aeabi_fcmple                  
00002639  __aeabi_fcmplt                  
000022a5  __aeabi_fdiv                    
00002219  __aeabi_fmul                    
00001d61  __aeabi_fsub                    
00002d7d  __aeabi_i2d                     
00002b11  __aeabi_i2f                     
00002851  __aeabi_idiv                    
00002053  __aeabi_idiv0                   
00002851  __aeabi_idivmod                 
0000218b  __aeabi_ldiv0                   
00002e19  __aeabi_llsl                    
00002dd1  __aeabi_lmul                    
00002fad  __aeabi_memcpy                  
00002fad  __aeabi_memcpy4                 
00002fad  __aeabi_memcpy8                 
00002f51  __aeabi_memset                  
00002f51  __aeabi_memset4                 
00002f51  __aeabi_memset8                 
000029d5  __aeabi_uidiv                   
000029d5  __aeabi_uidivmod                
00002ed5  __aeabi_uldivmod                
00002e19  __ashldi3                       
ffffffff  __binit__                       
000024f1  __cmpdf2                        
00002bc5  __cmpsf2                        
000018ad  __divdf3                        
000022a5  __divsf3                        
000024f1  __eqdf2                         
00002bc5  __eqsf2                         
00002a15  __extendsfdf2                   
000028f9  __fixdfsi                       
00002c75  __fixsfsi                       
00002d7d  __floatsidf                     
00002b11  __floatsisf                     
000023a5  __gedf2                         
00002b4d  __gesf2                         
000023a5  __gtdf2                         
00002b4d  __gtsf2                         
000024f1  __ledf2                         
00002bc5  __lesf2                         
000024f1  __ltdf2                         
00002bc5  __ltsf2                         
UNDEFED   __mpu_init                      
00001ba5  __muldf3                        
00002dd1  __muldi3                        
00002c01  __muldsi3                       
00002219  __mulsf3                        
000024f1  __nedf2                         
00002bc5  __nesf2                         
20203e00  __stack                         
20200000  __start___llvm_prf_bits         
20200000  __start___llvm_prf_cnts         
20200000  __stop___llvm_prf_bits          
20200000  __stop___llvm_prf_cnts          
00001399  __subdf3                        
00001d61  __subsf3                        
00001fb1  __udivmoddi4                    
00002da9  _c_int00_noargs                 
UNDEFED   _system_post_cinit              
00002fc3  _system_pre_init                
00002fb5  abort                           
00002a55  atoi                            
ffffffff  binit                           
00001669  board_init                      
00000d49  calibrate_motors                
00002a95  delay_ms                        
20200220  encoderA_cnt                    
20200224  encoderB_cnt                    
00002745  frexp                           
00002745  frexpl                          
20200000  gPWM_0Backup                    
202000bc  gTIMER_0Backup                  
20200178  gpio_interrup                   
00000000  interruptVectors                
00001c89  ldexp                           
00001c89  ldexpl                          
00002485  main                            
00002df5  memccpy                         
000020f1  memcpy                          
00002687  memset                          
2020017c  recv0_buff                      
2020023b  recv0_flag                      
20200238  recv0_length                    
00001c89  scalbn                          
00001c89  scalbnl                         
00002cad  sprintf                         
00002d19  uart0_send_string               
00002f41  wcslen                          


GLOBAL SYMBOLS: SORTED BY Symbol Address 

address   name                            
-------   ----                            
00000000  __TI_ATRegion0_region_sz        
00000000  __TI_ATRegion0_src_addr         
00000000  __TI_ATRegion0_trg_addr         
00000000  __TI_ATRegion1_region_sz        
00000000  __TI_ATRegion1_src_addr         
00000000  __TI_ATRegion1_trg_addr         
00000000  __TI_ATRegion2_region_sz        
00000000  __TI_ATRegion2_src_addr         
00000000  __TI_ATRegion2_trg_addr         
00000000  __TI_static_base__              
00000000  interruptVectors                
000000c1  __TI_printfi                    
00000200  __STACK_SIZE                    
00000a91  Move_Forward_Distance_Straight  
00000d49  calibrate_motors                
00001399  __aeabi_dsub                    
00001399  __subdf3                        
000013a3  __adddf3                        
000013a3  __aeabi_dadd                    
0000152b  ADC0_IRQHandler                 
0000152b  ADC1_IRQHandler                 
0000152b  AES_IRQHandler                  
0000152b  CANFD0_IRQHandler               
0000152b  DAC0_IRQHandler                 
0000152b  DMA_IRQHandler                  
0000152b  Default_Handler                 
0000152b  GROUP0_IRQHandler               
0000152b  HardFault_Handler               
0000152b  I2C0_IRQHandler                 
0000152b  I2C1_IRQHandler                 
0000152b  NMI_Handler                     
0000152b  PendSV_Handler                  
0000152b  RTC_IRQHandler                  
0000152b  SPI0_IRQHandler                 
0000152b  SPI1_IRQHandler                 
0000152b  SVC_Handler                     
0000152b  SysTick_Handler                 
0000152b  TIMA0_IRQHandler                
0000152b  TIMA1_IRQHandler                
0000152b  TIMG0_IRQHandler                
0000152b  TIMG12_IRQHandler               
0000152b  TIMG6_IRQHandler                
0000152b  TIMG7_IRQHandler                
0000152b  TIMG8_IRQHandler                
0000152b  UART1_IRQHandler                
0000152b  UART2_IRQHandler                
0000152b  UART3_IRQHandler                
00001669  board_init                      
000018ad  __aeabi_ddiv                    
000018ad  __divdf3                        
000019b9  DL_Timer_initFourCCPWMMode      
00001abd  DL_Timer_initTimerMode          
00001ba5  __aeabi_dmul                    
00001ba5  __muldf3                        
00001c89  ldexp                           
00001c89  ldexpl                          
00001c89  scalbn                          
00001c89  scalbnl                         
00001d61  __aeabi_fsub                    
00001d61  __subsf3                        
00001d6b  __addsf3                        
00001d6b  __aeabi_fadd                    
00001e39  Set_PWM                         
00001ef9  GROUP1_IRQHandler               
00001fb1  __udivmoddi4                    
00002053  __aeabi_idiv0                   
00002055  SYSCFG_DL_GPIO_init             
000020f1  memcpy                          
0000218b  __aeabi_ldiv0                   
0000218d  SYSCFG_DL_PWM_0_init            
00002219  __aeabi_fmul                    
00002219  __mulsf3                        
000022a5  __aeabi_fdiv                    
000022a5  __divsf3                        
00002329  __TI_decompress_lzss            
000023a5  __gedf2                         
000023a5  __gtdf2                         
00002419  SYSCFG_DL_UART_0_init           
00002485  main                            
000024f1  __cmpdf2                        
000024f1  __eqdf2                         
000024f1  __ledf2                         
000024f1  __ltdf2                         
000024f1  __nedf2                         
000025c1  __aeabi_dcmpeq                  
000025d5  __aeabi_dcmplt                  
000025e9  __aeabi_dcmple                  
000025fd  __aeabi_dcmpge                  
00002611  __aeabi_dcmpgt                  
00002625  __aeabi_fcmpeq                  
00002639  __aeabi_fcmplt                  
0000264d  __aeabi_fcmple                  
00002661  __aeabi_fcmpge                  
00002675  __aeabi_fcmpgt                  
00002687  memset                          
000026e9  UART0_IRQHandler                
00002745  frexp                           
00002745  frexpl                          
000027a1  __TI_ltoa                       
00002851  __aeabi_idiv                    
00002851  __aeabi_idivmod                 
000028f9  __aeabi_d2iz                    
000028f9  __fixdfsi                       
00002945  DL_UART_init                    
0000298d  SYSCFG_DL_initPower             
000029d5  __aeabi_uidiv                   
000029d5  __aeabi_uidivmod                
00002a15  __aeabi_f2d                     
00002a15  __extendsfdf2                   
00002a55  atoi                            
00002a95  delay_ms                        
00002ad5  SYSCFG_DL_SYSCTL_init           
00002b11  __aeabi_i2f                     
00002b11  __floatsisf                     
00002b4d  __gesf2                         
00002b4d  __gtsf2                         
00002b89  __TI_auto_init_nobinit_nopinit  
00002bc5  __cmpsf2                        
00002bc5  __eqsf2                         
00002bc5  __lesf2                         
00002bc5  __ltsf2                         
00002bc5  __nesf2                         
00002c01  __muldsi3                       
00002c3d  SYSCFG_DL_TIMER_0_init          
00002c75  __aeabi_f2iz                    
00002c75  __fixsfsi                       
00002cad  sprintf                         
00002ce5  SYSCFG_DL_init                  
00002d19  uart0_send_string               
00002d7d  __aeabi_i2d                     
00002d7d  __floatsidf                     
00002da9  _c_int00_noargs                 
00002dd1  __aeabi_lmul                    
00002dd1  __muldi3                        
00002df5  memccpy                         
00002e19  __aeabi_llsl                    
00002e19  __ashldi3                       
00002e39  DL_Timer_setCaptCompUpdateMethod
00002e55  DL_Timer_setClockConfig         
00002e71  SYSCFG_DL_SYSTICK_init          
00002e8d  DL_Timer_setCaptureCompareOutCtl
00002ebd  __TI_zero_init_nomemset         
00002ed5  __aeabi_uldivmod                
00002efd  DL_UART_setClockConfig          
00002f0f  __TI_decompress_none            
00002f21  DL_Timer_setCaptureCompareValue 
00002f31  Move_Forward_20cm               
00002f41  wcslen                          
00002f51  __aeabi_memset                  
00002f51  __aeabi_memset4                 
00002f51  __aeabi_memset8                 
00002f6d  DL_Common_delayCycles           
00002fa5  __aeabi_errno_addr              
00002fad  __aeabi_memcpy                  
00002fad  __aeabi_memcpy4                 
00002fad  __aeabi_memcpy8                 
00002fb5  abort                           
00002fba  C$$EXIT                         
00002fbb  HOSTexit                        
00002fbf  Reset_Handler                   
00002fc3  _system_pre_init                
00002fd0  __aeabi_ctype_table_            
00002fd0  __aeabi_ctype_table_C           
00003208  __TI_Handler_Table_Base         
00003214  __TI_Handler_Table_Limit        
0000321c  __TI_CINIT_Base                 
0000322c  __TI_CINIT_Limit                
0000322c  __TI_CINIT_Warm                 
20200000  __start___llvm_prf_bits         
20200000  __start___llvm_prf_cnts         
20200000  __stop___llvm_prf_bits          
20200000  __stop___llvm_prf_cnts          
20200000  gPWM_0Backup                    
202000bc  gTIMER_0Backup                  
20200178  gpio_interrup                   
2020017c  recv0_buff                      
202001fc  Get_Encoder_countA              
20200200  Get_Encoder_countB              
20200204  Velcity_Ki                      
20200208  Velcity_Kp                      
2020021c  __aeabi_errno                   
20200220  encoderA_cnt                    
20200224  encoderB_cnt                    
20200238  recv0_length                    
2020023b  recv0_flag                      
20203e00  __stack                         
20204000  __STACK_END                     
ffffffff  __TI_pprof_out_hndl             
ffffffff  __TI_prof_data_size             
ffffffff  __TI_prof_data_start            
ffffffff  __binit__                       
ffffffff  binit                           
UNDEFED   __mpu_init                      
UNDEFED   _system_post_cinit              

[194 symbols]
